D:/02.project/01.advanced_Development/05.Cooker/02.Mockup_STM32F/02.source/01.UX_Design/TwinCooker/Drivers/STM32H7xx_HAL_Driver/Src/stm32h7xx_hal_gpio.c:165:6:HAL_GPIO_Init	48	static
D:/02.project/01.advanced_Development/05.Cooker/02.Mockup_STM32F/02.source/01.UX_Design/TwinCooker/Drivers/STM32H7xx_HAL_Driver/Src/stm32h7xx_hal_gpio.c:302:6:HAL_GPIO_DeInit	36	static
D:/02.project/01.advanced_Development/05.Cooker/02.Mockup_STM32F/02.source/01.UX_Design/TwinCooker/Drivers/STM32H7xx_HAL_Driver/Src/stm32h7xx_hal_gpio.c:389:15:HAL_GPIO_ReadPin	0	static
D:/02.project/01.advanced_Development/05.Cooker/02.Mockup_STM32F/02.source/01.UX_Design/TwinCooker/Drivers/STM32H7xx_HAL_Driver/Src/stm32h7xx_hal_gpio.c:423:6:HAL_GPIO_WritePin	0	static
D:/02.project/01.advanced_Development/05.Cooker/02.Mockup_STM32F/02.source/01.UX_Design/TwinCooker/Drivers/STM32H7xx_HAL_Driver/Src/stm32h7xx_hal_gpio.c:445:6:HAL_GPIO_TogglePin	0	static
D:/02.project/01.advanced_Development/05.Cooker/02.Mockup_STM32F/02.source/01.UX_Design/TwinCooker/Drivers/STM32H7xx_HAL_Driver/Src/stm32h7xx_hal_gpio.c:470:19:HAL_GPIO_LockPin	8	static
D:/02.project/01.advanced_Development/05.Cooker/02.Mockup_STM32F/02.source/01.UX_Design/TwinCooker/Drivers/STM32H7xx_HAL_Driver/Src/stm32h7xx_hal_gpio.c:528:13:HAL_GPIO_EXTI_Callback	0	static
D:/02.project/01.advanced_Development/05.Cooker/02.Mockup_STM32F/02.source/01.UX_Design/TwinCooker/Drivers/STM32H7xx_HAL_Driver/Src/stm32h7xx_hal_gpio.c:505:6:HAL_GPIO_EXTI_IRQHandler	8	static
