../../TouchGFX/gui/include/gui/screen5_2_screen/Screen5_2Presenter.hpp:28:13:Screen5_2Presenter::~Screen5_2Presenter()	0	static
D:/02.project/01.advanced_Development/05.Cooker/02.Mockup_STM32F/02.source/01.UX_Design/TwinCooker/TouchGFX/gui/src/screen5_2_screen/Screen5_2Presenter.cpp:10:6:virtual void Screen5_2Presenter::activate()	0	static
../../TouchGFX/gui/include/gui/screen5_2_screen/Screen5_2Presenter.hpp:28:13:virtual Screen5_2Presenter::~Screen5_2Presenter()	8	static
../../TouchGFX/gui/include/gui/screen5_2_screen/Screen5_2Presenter.hpp:28:13:virtual void* Screen5_2Presenter::_ZThn4_N18Screen5_2PresenterD1Ev()	0	static
D:/02.project/01.advanced_Development/05.Cooker/02.Mockup_STM32F/02.source/01.UX_Design/TwinCooker/TouchGFX/gui/src/screen5_2_screen/Screen5_2Presenter.cpp:4:1:Screen5_2Presenter::Screen5_2Presenter(Screen5_2View&)	8	static
