../../TouchGFX/gui/include/gui/screen11_screen/Screen11Presenter.hpp:28:13:Screen11Presenter::~Screen11Presenter()	0	static
D:/02.project/01.advanced_Development/05.Cooker/02.Mockup_STM32F/02.source/01.UX_Design/TwinCooker/TouchGFX/gui/src/screen11_screen/Screen11Presenter.cpp:10:6:virtual void Screen11Presenter::activate()	0	static
../../TouchGFX/gui/include/gui/screen11_screen/Screen11Presenter.hpp:28:13:virtual Screen11Presenter::~Screen11Presenter()	8	static
../../TouchGFX/gui/include/gui/screen11_screen/Screen11Presenter.hpp:28:13:virtual void* Screen11Presenter::_ZThn4_N17Screen11PresenterD1Ev()	0	static
D:/02.project/01.advanced_Development/05.Cooker/02.Mockup_STM32F/02.source/01.UX_Design/TwinCooker/TouchGFX/gui/src/screen11_screen/Screen11Presenter.cpp:4:1:Screen11Presenter::Screen11Presenter(Screen11View&)	8	static
