../../TouchGFX/gui/include/gui/screen12_screen/Screen12Presenter.hpp:28:13:Screen12Presenter::~Screen12Presenter()	0	static
D:/02.project/01.advanced_Development/05.Cooker/02.Mockup_STM32F/02.source/01.UX_Design/TwinCooker/TouchGFX/gui/src/screen12_screen/Screen12Presenter.cpp:10:6:virtual void Screen12Presenter::activate()	0	static
../../TouchGFX/gui/include/gui/screen12_screen/Screen12Presenter.hpp:28:13:virtual Screen12Presenter::~Screen12Presenter()	8	static
../../TouchGFX/gui/include/gui/screen12_screen/Screen12Presenter.hpp:28:13:virtual void* Screen12Presenter::_ZThn4_N17Screen12PresenterD1Ev()	0	static
D:/02.project/01.advanced_Development/05.Cooker/02.Mockup_STM32F/02.source/01.UX_Design/TwinCooker/TouchGFX/gui/src/screen12_screen/Screen12Presenter.cpp:4:1:Screen12Presenter::Screen12Presenter(Screen12View&)	8	static
