../../Middlewares/ST/touchgfx/framework/include/touchgfx/Screen.hpp:104:18:virtual void touchgfx::Screen::afterTransition()	0	static
../../Middlewares/ST/touchgfx/framework/include/touchgfx/Screen.hpp:144:18:virtual void touchgfx::Screen::handleTickEvent()	0	static
../../Middlewares/ST/touchgfx/framework/include/touchgfx/Screen.hpp:154:18:virtual void touchgfx::Screen::handleKeyEvent(uint8_t)	0	static
../../TouchGFX/gui/include/gui/screen5_2_screen/Screen5_2View.hpp:11:13:Screen5_2View::~Screen5_2View()	0	static
D:/02.project/01.advanced_Development/05.Cooker/02.Mockup_STM32F/02.source/01.UX_Design/TwinCooker/TouchGFX/gui/src/screen5_2_screen/Screen5_2View.cpp:13:6:virtual void Screen5_2View::tearDownScreen()	0	static
D:/02.project/01.advanced_Development/05.Cooker/02.Mockup_STM32F/02.source/01.UX_Design/TwinCooker/TouchGFX/gui/src/screen5_2_screen/Screen5_2View.cpp:8:6:virtual void Screen5_2View::setupScreen()	0	static
../../TouchGFX/gui/include/gui/screen5_2_screen/Screen5_2View.hpp:11:13:virtual Screen5_2View::~Screen5_2View()	8	static
D:/02.project/01.advanced_Development/05.Cooker/02.Mockup_STM32F/02.source/01.UX_Design/TwinCooker/TouchGFX/gui/src/screen5_2_screen/Screen5_2View.cpp:3:1:Screen5_2View::Screen5_2View()	8	static
