../../Middlewares/ST/touchgfx/framework/include/touchgfx/Application.hpp:71:18:virtual void touchgfx::Application::changeToStartScreen()	0	static
../../Middlewares/ST/touchgfx/framework/include/touchgfx/Application.hpp:90:18:virtual void touchgfx::Application::appSwitchScreen(uint8_t)	0	static
../../Middlewares/ST/touchgfx/framework/include/touchgfx/Application.hpp:102:18:virtual void touchgfx::Application::requestRedraw(touchgfx::Rect&)	0	static
../../Middlewares/ST/touchgfx/framework/include/touchgfx/transitions/Transition.hpp:71:18:virtual void touchgfx::Transition::tearDown()	0	static
../../Middlewares/ST/touchgfx/framework/include/touchgfx/transitions/Transition.hpp:79:18:virtual void touchgfx::Transition::init()	0	static
../../Middlewares/ST/touchgfx/framework/include/touchgfx/transitions/Transition.hpp:99:18:virtual void touchgfx::Transition::setScreenContainer(touchgfx::Container&)	0	static
../../Middlewares/ST/touchgfx/framework/include/mvp/MVPApplication.hpp:43:7:touchgfx::MVPApplication::~MVPApplication()	0	static
../../TouchGFX/generated/gui_generated/include/gui_generated/common/FrontendApplicationBase.hpp:16:13:FrontendApplicationBase::~FrontendApplicationBase()	0	static
../../TouchGFX/generated/gui_generated/include/gui_generated/common/FrontendApplicationBase.hpp:18:18:virtual void FrontendApplicationBase::changeToStartScreen()	0	static
../../Middlewares/ST/touchgfx/framework/include/touchgfx/transitions/NoTransition.hpp:35:18:virtual void touchgfx::NoTransition::handleTickEvent()	0	static
../../Middlewares/ST/touchgfx/framework/include/touchgfx/transitions/NoTransition.hpp:31:7:touchgfx::NoTransition::~NoTransition()	0	static
../../Middlewares/ST/touchgfx/framework/include/touchgfx/Callback.hpp:424:8:touchgfx::Callback<FrontendApplicationBase>::~Callback()	0	static
../../Middlewares/ST/touchgfx/framework/include/touchgfx/Callback.hpp:449:18:void touchgfx::Callback<dest_type, void, void, void>::execute() [with dest_type = FrontendApplicationBase]	4	static
../../Middlewares/ST/touchgfx/framework/include/touchgfx/Callback.hpp:459:18:bool touchgfx::Callback<dest_type, void, void, void>::isValid() const [with dest_type = FrontendApplicationBase]	0	static
../../Middlewares/ST/touchgfx/framework/include/touchgfx/transitions/NoTransition.hpp:31:7:virtual touchgfx::NoTransition::~NoTransition()	8	static
../../Middlewares/ST/touchgfx/framework/include/touchgfx/Callback.hpp:424:8:virtual touchgfx::Callback<FrontendApplicationBase>::~Callback()	8	static
../../Middlewares/ST/touchgfx/framework/include/mvp/MVPApplication.hpp:43:7:virtual touchgfx::MVPApplication::~MVPApplication()	8	static
../../TouchGFX/generated/gui_generated/include/gui_generated/common/FrontendApplicationBase.hpp:16:13:virtual FrontendApplicationBase::~FrontendApplicationBase()	8	static
../../Middlewares/ST/touchgfx/framework/include/touchgfx/transitions/Transition.hpp:88:18:virtual void touchgfx::Transition::invalidate()	8	static
../../Middlewares/ST/touchgfx/framework/include/mvp/MVPApplication.hpp:59:18:virtual void touchgfx::MVPApplication::handlePendingScreenTransition()	8	static
D:/02.project/01.advanced_Development/05.Cooker/02.Mockup_STM32F/02.source/01.UX_Design/TwinCooker/TouchGFX/generated/gui_generated/src/common/FrontendApplicationBase.cpp:49:1:FrontendApplicationBase::FrontendApplicationBase(Model&, FrontendHeap&)	24	static
D:/02.project/01.advanced_Development/05.Cooker/02.Mockup_STM32F/02.source/01.UX_Design/TwinCooker/TouchGFX/generated/gui_generated/src/common/FrontendApplicationBase.cpp:66:6:void FrontendApplicationBase::gotoScreen1ScreenNoTransition()	0	static
D:/02.project/01.advanced_Development/05.Cooker/02.Mockup_STM32F/02.source/01.UX_Design/TwinCooker/TouchGFX/generated/gui_generated/src/common/FrontendApplicationBase.cpp:79:6:void FrontendApplicationBase::gotoScreen2ScreenNoTransition()	0	static
D:/02.project/01.advanced_Development/05.Cooker/02.Mockup_STM32F/02.source/01.UX_Design/TwinCooker/TouchGFX/generated/gui_generated/src/common/FrontendApplicationBase.cpp:92:6:void FrontendApplicationBase::gotoScreen3ScreenNoTransition()	0	static
D:/02.project/01.advanced_Development/05.Cooker/02.Mockup_STM32F/02.source/01.UX_Design/TwinCooker/TouchGFX/generated/gui_generated/src/common/FrontendApplicationBase.cpp:105:6:void FrontendApplicationBase::gotoScreen4ScreenNoTransition()	0	static
D:/02.project/01.advanced_Development/05.Cooker/02.Mockup_STM32F/02.source/01.UX_Design/TwinCooker/TouchGFX/generated/gui_generated/src/common/FrontendApplicationBase.cpp:118:6:void FrontendApplicationBase::gotoScreen5_1ScreenNoTransition()	0	static
D:/02.project/01.advanced_Development/05.Cooker/02.Mockup_STM32F/02.source/01.UX_Design/TwinCooker/TouchGFX/generated/gui_generated/src/common/FrontendApplicationBase.cpp:131:6:void FrontendApplicationBase::gotoScreen5_2ScreenNoTransition()	0	static
D:/02.project/01.advanced_Development/05.Cooker/02.Mockup_STM32F/02.source/01.UX_Design/TwinCooker/TouchGFX/generated/gui_generated/src/common/FrontendApplicationBase.cpp:144:6:void FrontendApplicationBase::gotoScreen7ScreenNoTransition()	0	static
D:/02.project/01.advanced_Development/05.Cooker/02.Mockup_STM32F/02.source/01.UX_Design/TwinCooker/TouchGFX/generated/gui_generated/src/common/FrontendApplicationBase.cpp:157:6:void FrontendApplicationBase::gotoScreen8ScreenNoTransition()	0	static
D:/02.project/01.advanced_Development/05.Cooker/02.Mockup_STM32F/02.source/01.UX_Design/TwinCooker/TouchGFX/generated/gui_generated/src/common/FrontendApplicationBase.cpp:170:6:void FrontendApplicationBase::gotoScreen9ScreenNoTransition()	0	static
D:/02.project/01.advanced_Development/05.Cooker/02.Mockup_STM32F/02.source/01.UX_Design/TwinCooker/TouchGFX/generated/gui_generated/src/common/FrontendApplicationBase.cpp:183:6:void FrontendApplicationBase::gotoScreen10ScreenNoTransition()	0	static
D:/02.project/01.advanced_Development/05.Cooker/02.Mockup_STM32F/02.source/01.UX_Design/TwinCooker/TouchGFX/generated/gui_generated/src/common/FrontendApplicationBase.cpp:196:6:void FrontendApplicationBase::gotoScreen11ScreenNoTransition()	0	static
D:/02.project/01.advanced_Development/05.Cooker/02.Mockup_STM32F/02.source/01.UX_Design/TwinCooker/TouchGFX/generated/gui_generated/src/common/FrontendApplicationBase.cpp:209:6:void FrontendApplicationBase::gotoScreen12ScreenNoTransition()	0	static
D:/02.project/01.advanced_Development/05.Cooker/02.Mockup_STM32F/02.source/01.UX_Design/TwinCooker/TouchGFX/generated/gui_generated/src/common/FrontendApplicationBase.cpp:222:6:void FrontendApplicationBase::gotoScreen13ScreenNoTransition()	0	static
D:/02.project/01.advanced_Development/05.Cooker/02.Mockup_STM32F/02.source/01.UX_Design/TwinCooker/TouchGFX/generated/gui_generated/src/common/FrontendApplicationBase.cpp:235:6:void FrontendApplicationBase::gotoScreen14ScreenNoTransition()	0	static
D:/02.project/01.advanced_Development/05.Cooker/02.Mockup_STM32F/02.source/01.UX_Design/TwinCooker/TouchGFX/generated/gui_generated/src/common/FrontendApplicationBase.cpp:248:6:void FrontendApplicationBase::gotoScreen15ScreenNoTransition()	0	static
D:/02.project/01.advanced_Development/05.Cooker/02.Mockup_STM32F/02.source/01.UX_Design/TwinCooker/TouchGFX/generated/gui_generated/src/common/FrontendApplicationBase.cpp:261:6:void FrontendApplicationBase::gotoScreen16ScreenNoTransition()	0	static
../../Middlewares/ST/touchgfx/framework/include/common/AbstractPartition.hpp:135:8:T& touchgfx::AbstractPartition::at(uint16_t) [with T = touchgfx::NoTransition]	0	static
D:/02.project/01.advanced_Development/05.Cooker/02.Mockup_STM32F/02.source/01.UX_Design/TwinCooker/TouchGFX/generated/gui_generated/src/common/FrontendApplicationBase.cpp:267:6:void FrontendApplicationBase::gotoScreen16ScreenNoTransitionImpl()	40	static
D:/02.project/01.advanced_Development/05.Cooker/02.Mockup_STM32F/02.source/01.UX_Design/TwinCooker/TouchGFX/generated/gui_generated/src/common/FrontendApplicationBase.cpp:254:6:void FrontendApplicationBase::gotoScreen15ScreenNoTransitionImpl()	40	static
D:/02.project/01.advanced_Development/05.Cooker/02.Mockup_STM32F/02.source/01.UX_Design/TwinCooker/TouchGFX/generated/gui_generated/src/common/FrontendApplicationBase.cpp:241:6:void FrontendApplicationBase::gotoScreen14ScreenNoTransitionImpl()	40	static
D:/02.project/01.advanced_Development/05.Cooker/02.Mockup_STM32F/02.source/01.UX_Design/TwinCooker/TouchGFX/generated/gui_generated/src/common/FrontendApplicationBase.cpp:228:6:void FrontendApplicationBase::gotoScreen13ScreenNoTransitionImpl()	40	static
D:/02.project/01.advanced_Development/05.Cooker/02.Mockup_STM32F/02.source/01.UX_Design/TwinCooker/TouchGFX/generated/gui_generated/src/common/FrontendApplicationBase.cpp:215:6:void FrontendApplicationBase::gotoScreen12ScreenNoTransitionImpl()	40	static
D:/02.project/01.advanced_Development/05.Cooker/02.Mockup_STM32F/02.source/01.UX_Design/TwinCooker/TouchGFX/generated/gui_generated/src/common/FrontendApplicationBase.cpp:202:6:void FrontendApplicationBase::gotoScreen11ScreenNoTransitionImpl()	40	static
D:/02.project/01.advanced_Development/05.Cooker/02.Mockup_STM32F/02.source/01.UX_Design/TwinCooker/TouchGFX/generated/gui_generated/src/common/FrontendApplicationBase.cpp:189:6:void FrontendApplicationBase::gotoScreen10ScreenNoTransitionImpl()	40	static
D:/02.project/01.advanced_Development/05.Cooker/02.Mockup_STM32F/02.source/01.UX_Design/TwinCooker/TouchGFX/generated/gui_generated/src/common/FrontendApplicationBase.cpp:176:6:void FrontendApplicationBase::gotoScreen9ScreenNoTransitionImpl()	40	static
D:/02.project/01.advanced_Development/05.Cooker/02.Mockup_STM32F/02.source/01.UX_Design/TwinCooker/TouchGFX/generated/gui_generated/src/common/FrontendApplicationBase.cpp:163:6:void FrontendApplicationBase::gotoScreen8ScreenNoTransitionImpl()	40	static
D:/02.project/01.advanced_Development/05.Cooker/02.Mockup_STM32F/02.source/01.UX_Design/TwinCooker/TouchGFX/generated/gui_generated/src/common/FrontendApplicationBase.cpp:150:6:void FrontendApplicationBase::gotoScreen7ScreenNoTransitionImpl()	40	static
D:/02.project/01.advanced_Development/05.Cooker/02.Mockup_STM32F/02.source/01.UX_Design/TwinCooker/TouchGFX/generated/gui_generated/src/common/FrontendApplicationBase.cpp:137:6:void FrontendApplicationBase::gotoScreen5_2ScreenNoTransitionImpl()	40	static
D:/02.project/01.advanced_Development/05.Cooker/02.Mockup_STM32F/02.source/01.UX_Design/TwinCooker/TouchGFX/generated/gui_generated/src/common/FrontendApplicationBase.cpp:124:6:void FrontendApplicationBase::gotoScreen5_1ScreenNoTransitionImpl()	40	static
D:/02.project/01.advanced_Development/05.Cooker/02.Mockup_STM32F/02.source/01.UX_Design/TwinCooker/TouchGFX/generated/gui_generated/src/common/FrontendApplicationBase.cpp:111:6:void FrontendApplicationBase::gotoScreen4ScreenNoTransitionImpl()	40	static
D:/02.project/01.advanced_Development/05.Cooker/02.Mockup_STM32F/02.source/01.UX_Design/TwinCooker/TouchGFX/generated/gui_generated/src/common/FrontendApplicationBase.cpp:98:6:void FrontendApplicationBase::gotoScreen3ScreenNoTransitionImpl()	40	static
D:/02.project/01.advanced_Development/05.Cooker/02.Mockup_STM32F/02.source/01.UX_Design/TwinCooker/TouchGFX/generated/gui_generated/src/common/FrontendApplicationBase.cpp:85:6:void FrontendApplicationBase::gotoScreen2ScreenNoTransitionImpl()	40	static
D:/02.project/01.advanced_Development/05.Cooker/02.Mockup_STM32F/02.source/01.UX_Design/TwinCooker/TouchGFX/generated/gui_generated/src/common/FrontendApplicationBase.cpp:72:6:void FrontendApplicationBase::gotoScreen1ScreenNoTransitionImpl()	40	static
